Task.hpp:202:17:static int8_t kernel::Task::sleepCompare(kernel::Task*, kernel::Task*)	0	static
Task.hpp:224:17:static int8_t kernel::Task::priorityCompare(kernel::Task*, kernel::Task*)	0	static
Mutex.cpp:38:10:int16_t kernel::Mutex::lock(uint32_t)	8	static
Mutex.cpp:44:7:bool kernel::Mutex::release()	8	static
Mutex.cpp:49:7:bool kernel::Mutex::isLocked()	0	static
Mutex.cpp:55:10:static int16_t kernel::Mutex::kernelLockMutex(kernel::Mutex*, uint32_t)	48	static
Mutex.cpp:84:7:virtual void kernel::Mutex::stopWait(kernel::Task*)	0	static
Mutex.cpp:93:7:static bool kernel::Mutex::kernelReleaseMutex(kernel::Mutex*)	16	static
Mutex.cpp:120:7:virtual void kernel::Mutex::onTimeout(kernel::Task*)	8	static
DualLinkedList.hpp:139:9:void framework::DualLinkedList<UnderLyingType, List>::insert(UnderLyingType*, framework::DualLinkedList<UnderLyingType, List>::Comparator) [with UnderLyingType = kernel::Task; List = kernel::ReadyList]	32	static
Core.hpp:112:39:static Return core::Core::supervisorCall(Param0, Param1) [with kernel::ServiceCall::SvcNumber Number = (kernel::ServiceCall::SvcNumber)15; Return = short int; Param0 = kernel::Mutex*; Param1 = long unsigned int]	0	static,ignoring_inline_asm
Core.hpp:101:40:static Return core::Core::supervisorCall(Param0) [with kernel::ServiceCall::SvcNumber Number = (kernel::ServiceCall::SvcNumber)16; Return = bool; Param0 = kernel::Mutex*]	0	static,ignoring_inline_asm
Mutex.cpp:139:1:cpp)	16	static
